These are the errors I am still getting.


org.springframework.beans.factory.UnsatisfiedDependencyException: Error creating bean with name 'rootCauseAnalysisService' defined in file [D:\OneDrive - Coforge Limited\Desktop\14 9 13 9 20\Coforge\Anna Darpan\Ticketing System G\TicketingSystem\api\build\classes\java\main\com\ticketingSystem\api\service\RootCauseAnalysisService.class]: Unsatisfied dependency expressed through constructor parameter 5: Error creating bean with name 'rootCauseAnalysisStorageService' defined in file [D:\OneDrive - Coforge Limited\Desktop\14 9 13 9 20\Coforge\Anna Darpan\Ticketing System G\TicketingSystem\api\build\classes\java\main\com\ticketingSystem\api\service\RootCauseAnalysisStorageService.class]: Unsatisfied dependency expressed through constructor parameter 0: Error creating bean with name 'ociObjectStorageService' defined in file [D:\OneDrive - Coforge Limited\Desktop\14 9 13 9 20\Coforge\Anna Darpan\Ticketing System G\TicketingSystem\api\build\classes\java\main\com\ticketingSystem\api\service\OciObjectStorageService.class]: Unsatisfied dependency expressed through constructor parameter 0: Error creating bean with name 'objectStorageClient' defined in class path resource [com/ticketingSystem/api/config/OciConfiguration.class]: Unsatisfied dependency expressed through method 'objectStorageClient' parameter 1: Error creating bean with name 'authenticationDetailsProvider' defined in class path resource [com/ticketingSystem/api/config/OciConfiguration.class]: Failed to instantiate [com.oracle.bmc.auth.AuthenticationDetailsProvider]: Factory method 'authenticationDetailsProvider' threw exception with message: Can't load the default config from 'C:\Users\Nimit.Jain\.oci\config' or 'C:\Users\Nimit.Jain\.oraclebmc\config' because it does not exist or it is not a file.

org.springframework.beans.factory.UnsatisfiedDependencyException: Error creating bean with name 'rootCauseAnalysisStorageService' defined in file [D:\OneDrive - Coforge Limited\Desktop\14 9 13 9 20\Coforge\Anna Darpan\Ticketing System G\TicketingSystem\api\build\classes\java\main\com\ticketingSystem\api\service\RootCauseAnalysisStorageService.class]: Unsatisfied dependency expressed through constructor parameter 0: Error creating bean with name 'ociObjectStorageService' defined in file [D:\OneDrive - Coforge Limited\Desktop\14 9 13 9 20\Coforge\Anna Darpan\Ticketing System G\TicketingSystem\api\build\classes\java\main\com\ticketingSystem\api\service\OciObjectStorageService.class]: Unsatisfied dependency expressed through constructor parameter 0: Error creating bean with name 'objectStorageClient' defined in class path resource [com/ticketingSystem/api/config/OciConfiguration.class]: Unsatisfied dependency expressed through method 'objectStorageClient' parameter 1: Error creating bean with name 'authenticationDetailsProvider' defined in class path resource [com/ticketingSystem/api/config/OciConfiguration.class]: Failed to instantiate [com.oracle.bmc.auth.AuthenticationDetailsProvider]: Factory method 'authenticationDetailsProvider' threw exception with message: Can't load the default config from 'C:\Users\Nimit.Jain\.oci\config' or 'C:\Users\Nimit.Jain\.oraclebmc\config' because it does not exist or it is not a file.

org.springframework.beans.factory.UnsatisfiedDependencyException: Error creating bean with name 'ociObjectStorageService' defined in file [D:\OneDrive - Coforge Limited\Desktop\14 9 13 9 20\Coforge\Anna Darpan\Ticketing System G\TicketingSystem\api\build\classes\java\main\com\ticketingSystem\api\service\OciObjectStorageService.class]: Unsatisfied dependency expressed through constructor parameter 0: Error creating bean with name 'objectStorageClient' defined in class path resource [com/ticketingSystem/api/config/OciConfiguration.class]: Unsatisfied dependency expressed through method 'objectStorageClient' parameter 1: Error creating bean with name 'authenticationDetailsProvider' defined in class path resource [com/ticketingSystem/api/config/OciConfiguration.class]: Failed to instantiate [com.oracle.bmc.auth.AuthenticationDetailsProvider]: Factory method 'authenticationDetailsProvider' threw exception with message: Can't load the default config from 'C:\Users\Nimit.Jain\.oci\config' or 'C:\Users\Nimit.Jain\.oraclebmc\config' because it does not exist or it is not a file.

org.springframework.beans.factory.UnsatisfiedDependencyException: Error creating bean with name 'objectStorageClient' defined in class path resource [com/ticketingSystem/api/config/OciConfiguration.class]: Unsatisfied dependency expressed through method 'objectStorageClient' parameter 1: Error creating bean with name 'authenticationDetailsProvider' defined in class path resource [com/ticketingSystem/api/config/OciConfiguration.class]: Failed to instantiate [com.oracle.bmc.auth.AuthenticationDetailsProvider]: Factory method 'authenticationDetailsProvider' threw exception with message: Can't load the default config from 'C:\Users\Nimit.Jain\.oci\config' or 'C:\Users\Nimit.Jain\.oraclebmc\config' because it does not exist or it is not a file.

org.springframework.beans.factory.BeanCreationException: Error creating bean with name 'authenticationDetailsProvider' defined in class path resource [com/ticketingSystem/api/config/OciConfiguration.class]: Failed to instantiate [com.oracle.bmc.auth.AuthenticationDetailsProvider]: Factory method 'authenticationDetailsProvider' threw exception with message: Can't load the default config from 'C:\Users\Nimit.Jain\.oci\config' or 'C:\Users\Nimit.Jain\.oraclebmc\config' because it does not exist or it is not a file.

org.springframework.beans.BeanInstantiationException: Failed to instantiate [com.oracle.bmc.auth.AuthenticationDetailsProvider]: Factory method 'authenticationDetailsProvider' threw exception with message: Can't load the default config from 'C:\Users\Nimit.Jain\.oci\config' or 'C:\Users\Nimit.Jain\.oraclebmc\config' because it does not exist or it is not a file.

java.io.IOException: Can't load the default config from 'C:\Users\Nimit.Jain\.oci\config' or 'C:\Users\Nimit.Jain\.oraclebmc\config' because it does not exist or it is not a file.